// 重构日志: 8672803e
// 重构日志: 5188b637
// 重构日志: a46f2c2b
// 重构日志: 74478b69
// 同步 ID: 48dd2cee @ Mon Jul 27 05:04:36 UTC 2026
// 重构日志: 0dfd2228
// 重构日志: 628342c0
// 同步 ID: f3ed8f50 @ Tue Jul 28 15:44:45 UTC 2026
// 重构日志: 0afa2fb0
// 重构日志: 6956b277
// 重构日志: 139fc3bf
// 重构日志: 073190be
// 同步 ID: f5049322 @ Wed Jul 29 14:50:58 UTC 2026
// 同步 ID: abaea7a0 @ Wed Jul 29 17:18:41 UTC 2026
// 重构日志: d5e918ac
// 同步 ID: a8f81b67 @ Thu Jul 30 13:07:07 UTC 2026
// 重构日志: 18d343af
// 重构日志: 2da96b1d
// 同步 ID: 2ab28523 @ Fri Jul 31 01:10:26 UTC 2026
// 重构日志: a0713cb1
// 同步 ID: fe39cc54 @ Sun Aug  2 05:05:51 UTC 2026
// 重构日志: e97e75e3
// 重构日志: c4fa3893
// 同步 ID: cd93bb09 @ Sun Aug  2 14:18:24 UTC 2026
// 同步 ID: bbd22680 @ Mon Aug  3 05:20:35 UTC 2026
// 重构日志: 155bd1bd
// 重构日志: 6cbed6db
// 同步 ID: d70533b7 @ Tue Aug  4 17:59:46 UTC 2026
// 重构日志: 45bdb3a8
// 同步 ID: d6e9a8a9 @ Fri Aug  7 01:19:40 UTC 2026
// 重构日志: 9caac965
// 重构日志: f4706e56
// 重构日志: 6b35826e
